// Jest Snapshot v1, https://goo.gl/fbAQLP

exports[`Budget Page Tests Renders correctly 1`] = `
<View
  style={
    Object {
      "flexDirection": "row",
    }
  }
>
  <View
    style={
      Object {
        "alignItems": "center",
        "justifyContent": "center",
        "padding": 20,
      }
    }
  >
    <Text
      style={
        Object {
          "fontSize": 22,
        }
      }
    >
      NEEDS
    </Text>
    <Text
      style={
        Array [
          Object {
            "fontSize": 36,
          },
          Object {
            "color": "green",
          },
        ]
      }
    >
      $
      1234.56
    </Text>
    <Text
      style={
        Object {
          "fontSize": 16,
        }
      }
    >
      / $
      1500
    </Text>
  </View>
  <View
    style={
      Object {
        "alignItems": "center",
        "justifyContent": "center",
        "padding": 20,
      }
    }
  >
    <Text
      style={
        Object {
          "fontSize": 22,
        }
      }
    >
      WANTS
    </Text>
    <Text
      style={
        Array [
          Object {
            "fontSize": 36,
          },
          Object {
            "color": "red",
          },
        ]
      }
    >
      $
      -123.45
    </Text>
    <Text
      style={
        Object {
          "fontSize": 16,
        }
      }
    >
      / $
      500
    </Text>
  </View>
</View>
`;
