// Jest Snapshot v1, https://goo.gl/fbAQLP

exports[`Home Page Tests Renders correctly 1`] = `
<RCTScrollView
  contentContainerStyle={
    Object {
      "alignItems": "center",
      "backgroundColor": "#fff",
      "flex": 1,
    }
  }
>
  <View>
    <View
      style={
        Object {
          "alignItems": "baseline",
          "display": "flex",
          "flexDirection": "row",
          "justifyContent": "space-between",
        }
      }
    >
      <View
        style={
          Object {
            "alignItems": "center",
            "justifyContent": "center",
            "padding": 20,
          }
        }
      >
        <Text
          style={
            Object {
              "fontSize": 24,
            }
          }
        >
          NEEDS
        </Text>
        <Text
          style={
            Array [
              Object {
                "fontSize": 36,
              },
              Object {
                "color": "green",
              },
            ]
          }
        >
          $
          1234.56
        </Text>
        <Text
          style={
            Object {
              "fontSize": 16,
            }
          }
        >
          / $
          1500
        </Text>
      </View>
      <View
        style={
          Object {
            "alignItems": "center",
            "justifyContent": "center",
            "padding": 20,
          }
        }
      >
        <Text
          style={
            Object {
              "fontSize": 24,
            }
          }
        >
          WANTS
        </Text>
        <Text
          style={
            Array [
              Object {
                "fontSize": 36,
              },
              Object {
                "color": "red",
              },
            ]
          }
        >
          $
          -123.45
        </Text>
        <Text
          style={
            Object {
              "fontSize": 16,
            }
          }
        >
          / $
          500
        </Text>
      </View>
    </View>
    <View
      style={
        Object {
          "borderTopWidth": 2,
          "width": "100%",
        }
      }
    >
      <View
        style={
          Object {
            "borderBottomColor": "gray",
            "borderBottomWidth": 2,
            "padding": 8,
          }
        }
      >
        <View
          style={
            Object {
              "alignItems": "baseline",
              "display": "flex",
              "flexDirection": "row",
              "justifyContent": "space-between",
            }
          }
        >
          <Text
            style={
              Object {
                "fontSize": 24,
              }
            }
          >
            Needs
          </Text>
          <Text
            onPress={[Function]}
            style={
              Object {
                "fontSize": 24,
              }
            }
          >
            + New
          </Text>
        </View>
      </View>
      <View
        style={
          Object {
            "borderBottomColor": "gray",
            "borderBottomWidth": 1,
            "padding": 16,
            "width": "100%",
          }
        }
      >
        <View
          style={
            Object {
              "alignItems": "baseline",
              "display": "flex",
              "flexDirection": "row",
              "justifyContent": "space-between",
            }
          }
        >
          <Text
            style={
              Object {
                "fontSize": 24,
              }
            }
          >
            Rent
          </Text>
          <Text
            style={
              Object {
                "fontSize": 24,
              }
            }
          >
            $
            852.25
          </Text>
        </View>
        <View
          style={
            Object {
              "alignItems": "baseline",
              "display": "flex",
              "flexDirection": "row",
              "justifyContent": "space-between",
            }
          }
        >
          <Text
            style={
              Object {
                "fontSize": 16,
              }
            }
          >
            Bills
          </Text>
          <Text
            style={
              Object {
                "fontSize": 16,
              }
            }
          >
            8/4/2022
          </Text>
        </View>
      </View>
      <View
        style={
          Object {
            "borderBottomColor": "gray",
            "borderBottomWidth": 1,
            "padding": 16,
            "width": "100%",
          }
        }
      >
        <View
          style={
            Object {
              "alignItems": "baseline",
              "display": "flex",
              "flexDirection": "row",
              "justifyContent": "space-between",
            }
          }
        >
          <Text
            style={
              Object {
                "fontSize": 24,
              }
            }
          >
            Groceries
          </Text>
          <Text
            style={
              Object {
                "fontSize": 24,
              }
            }
          >
            $
            130.44
          </Text>
        </View>
        <View
          style={
            Object {
              "alignItems": "baseline",
              "display": "flex",
              "flexDirection": "row",
              "justifyContent": "space-between",
            }
          }
        >
          <Text
            style={
              Object {
                "fontSize": 16,
              }
            }
          >
            Groceries
          </Text>
          <Text
            style={
              Object {
                "fontSize": 16,
              }
            }
          >
            8/7/2022
          </Text>
        </View>
      </View>
      <View
        style={
          Object {
            "borderBottomColor": "gray",
            "borderBottomWidth": 1,
            "padding": 16,
            "width": "100%",
          }
        }
      >
        <View
          style={
            Object {
              "alignItems": "baseline",
              "display": "flex",
              "flexDirection": "row",
              "justifyContent": "space-between",
            }
          }
        >
          <Text
            style={
              Object {
                "fontSize": 24,
              }
            }
          >
            Rent1
          </Text>
          <Text
            style={
              Object {
                "fontSize": 24,
              }
            }
          >
            $
            852.25
          </Text>
        </View>
        <View
          style={
            Object {
              "alignItems": "baseline",
              "display": "flex",
              "flexDirection": "row",
              "justifyContent": "space-between",
            }
          }
        >
          <Text
            style={
              Object {
                "fontSize": 16,
              }
            }
          >
            Bills
          </Text>
          <Text
            style={
              Object {
                "fontSize": 16,
              }
            }
          >
            8/4/2022
          </Text>
        </View>
      </View>
      <View
        style={
          Object {
            "borderBottomWidth": 2,
            "padding": 8,
          }
        }
      >
        <Text
          onPress={[Function]}
          style={
            Object {
              "fontSize": 20,
            }
          }
        >
          See All
        </Text>
      </View>
    </View>
    <View
      style={
        Object {
          "borderTopWidth": 2,
          "width": "100%",
        }
      }
    >
      <View
        style={
          Object {
            "borderBottomColor": "gray",
            "borderBottomWidth": 2,
            "padding": 8,
          }
        }
      >
        <View
          style={
            Object {
              "alignItems": "baseline",
              "display": "flex",
              "flexDirection": "row",
              "justifyContent": "space-between",
            }
          }
        >
          <Text
            style={
              Object {
                "fontSize": 24,
              }
            }
          >
            Wants
          </Text>
          <Text
            onPress={[Function]}
            style={
              Object {
                "fontSize": 24,
              }
            }
          >
            + New
          </Text>
        </View>
      </View>
      <View
        style={
          Object {
            "borderBottomColor": "gray",
            "borderBottomWidth": 1,
            "padding": 16,
            "width": "100%",
          }
        }
      >
        <View
          style={
            Object {
              "alignItems": "baseline",
              "display": "flex",
              "flexDirection": "row",
              "justifyContent": "space-between",
            }
          }
        >
          <Text
            style={
              Object {
                "fontSize": 24,
              }
            }
          >
            Date Night
          </Text>
          <Text
            style={
              Object {
                "fontSize": 24,
              }
            }
          >
            $
            56.00
          </Text>
        </View>
        <View
          style={
            Object {
              "alignItems": "baseline",
              "display": "flex",
              "flexDirection": "row",
              "justifyContent": "space-between",
            }
          }
        >
          <Text
            style={
              Object {
                "fontSize": 16,
              }
            }
          />
          <Text
            style={
              Object {
                "fontSize": 16,
              }
            }
          >
            8/12/2022
          </Text>
        </View>
      </View>
      <View
        style={
          Object {
            "borderBottomColor": "gray",
            "borderBottomWidth": 1,
            "padding": 16,
            "width": "100%",
          }
        }
      >
        <View
          style={
            Object {
              "alignItems": "baseline",
              "display": "flex",
              "flexDirection": "row",
              "justifyContent": "space-between",
            }
          }
        >
          <Text
            style={
              Object {
                "fontSize": 24,
              }
            }
          >
            Rent3
          </Text>
          <Text
            style={
              Object {
                "fontSize": 24,
              }
            }
          >
            $
            852.25
          </Text>
        </View>
        <View
          style={
            Object {
              "alignItems": "baseline",
              "display": "flex",
              "flexDirection": "row",
              "justifyContent": "space-between",
            }
          }
        >
          <Text
            style={
              Object {
                "fontSize": 16,
              }
            }
          >
            Bills
          </Text>
          <Text
            style={
              Object {
                "fontSize": 16,
              }
            }
          >
            8/4/2022
          </Text>
        </View>
      </View>
      <View
        style={
          Object {
            "borderBottomColor": "gray",
            "borderBottomWidth": 1,
            "padding": 16,
            "width": "100%",
          }
        }
      >
        <View
          style={
            Object {
              "alignItems": "baseline",
              "display": "flex",
              "flexDirection": "row",
              "justifyContent": "space-between",
            }
          }
        >
          <Text
            style={
              Object {
                "fontSize": 24,
              }
            }
          >
            Rent4
          </Text>
          <Text
            style={
              Object {
                "fontSize": 24,
              }
            }
          >
            $
            852.25
          </Text>
        </View>
        <View
          style={
            Object {
              "alignItems": "baseline",
              "display": "flex",
              "flexDirection": "row",
              "justifyContent": "space-between",
            }
          }
        >
          <Text
            style={
              Object {
                "fontSize": 16,
              }
            }
          >
            Bills
          </Text>
          <Text
            style={
              Object {
                "fontSize": 16,
              }
            }
          >
            8/4/2022
          </Text>
        </View>
      </View>
      <View
        style={
          Object {
            "borderBottomWidth": 2,
            "padding": 8,
          }
        }
      >
        <Text
          onPress={[Function]}
          style={
            Object {
              "fontSize": 20,
            }
          }
        >
          See All
        </Text>
      </View>
    </View>
  </View>
</RCTScrollView>
`;
